2025-07-27 13:51:28,190 - EnhancedCBTVectorizer - INFO - Using device: cuda
2025-07-27 13:51:28,191 - EnhancedCBTVectorizer - INFO - Starting enhanced vectorization process
2025-07-27 13:51:28,197 - EnhancedCBTVectorizer - INFO - Loaded 0 enhanced processed items from cbt_data\raw_data\processed\cbt_enhanced_processed_20250727_135126.json
2025-07-27 13:51:33,083 - EnhancedCBTVectorizer - INFO - Loaded embedding model: all-MiniLM-L6-v2 on cuda
2025-07-27 13:51:33,083 - EnhancedCBTVectorizer - INFO - Creating embeddings using strategy: content_based
2025-07-27 13:51:33,083 - EnhancedCBTVectorizer - WARNING - No valid texts found for embedding
2025-07-27 13:51:33,083 - EnhancedCBTVectorizer - ERROR - No embeddings created
2025-07-27 13:51:33,085 - EnhancedCBTVectorizer - INFO - Starting enhanced vectorization process
2025-07-27 13:51:33,085 - EnhancedCBTVectorizer - INFO - Loaded 0 enhanced processed items from cbt_data\raw_data\processed\cbt_enhanced_processed_20250727_135126.json
2025-07-27 13:51:42,331 - EnhancedCBTVectorizer - INFO - Loaded embedding model: sentence-transformers/all-mpnet-base-v2 on cuda
2025-07-27 13:51:42,331 - EnhancedCBTVectorizer - INFO - Creating embeddings using strategy: technique_focused
2025-07-27 13:51:42,331 - EnhancedCBTVectorizer - WARNING - No valid texts found for embedding
2025-07-27 13:51:42,332 - EnhancedCBTVectorizer - ERROR - No embeddings created
2025-07-27 14:38:09,482 - EnhancedCBTVectorizer - INFO - Using device: cuda
2025-07-27 14:38:09,483 - EnhancedCBTVectorizer - INFO - Starting enhanced vectorization process
2025-07-27 14:38:09,486 - EnhancedCBTVectorizer - INFO - Loaded 27 enhanced processed items from cbt_data\raw_data\processed\cbt_enhanced_processed_20250727_142618.json
2025-07-27 14:38:11,871 - EnhancedCBTVectorizer - INFO - Loaded embedding model: all-MiniLM-L6-v2 on cuda
2025-07-27 14:38:11,871 - EnhancedCBTVectorizer - INFO - Creating embeddings using strategy: content_based
2025-07-27 14:38:12,276 - EnhancedCBTVectorizer - INFO - Created 27 embeddings with dimension 384
2025-07-27 14:38:12,281 - EnhancedCBTVectorizer - INFO - Created premium tier index with 1 embeddings
2025-07-27 14:38:12,281 - EnhancedCBTVectorizer - INFO - Created standard tier index with 12 embeddings
2025-07-27 14:38:12,282 - EnhancedCBTVectorizer - INFO - Created basic tier index with 21 embeddings
2025-07-27 14:38:12,282 - EnhancedCBTVectorizer - INFO - Created category index for psychoeducation: 20 embeddings
2025-07-27 14:38:12,353 - EnhancedCBTVectorizer - INFO - Enhanced vectorization saved to cbt_data\embeddings
2025-07-27 14:38:12,353 - EnhancedCBTVectorizer - INFO - Total indices created: 4
2025-07-27 14:38:12,353 - EnhancedCBTVectorizer - INFO - Enhanced vectorization completed successfully
2025-07-27 14:38:12,353 - EnhancedCBTVectorizer - INFO - Starting enhanced vectorization process
2025-07-27 14:38:12,356 - EnhancedCBTVectorizer - INFO - Loaded 27 enhanced processed items from cbt_data\raw_data\processed\cbt_enhanced_processed_20250727_142618.json
2025-07-27 14:38:14,057 - EnhancedCBTVectorizer - INFO - Loaded embedding model: sentence-transformers/all-mpnet-base-v2 on cuda
2025-07-27 14:38:14,057 - EnhancedCBTVectorizer - INFO - Creating embeddings using strategy: technique_focused
2025-07-27 14:38:14,579 - EnhancedCBTVectorizer - INFO - Created 27 embeddings with dimension 768
2025-07-27 14:38:14,582 - EnhancedCBTVectorizer - INFO - Created premium tier index with 1 embeddings
2025-07-27 14:38:14,583 - EnhancedCBTVectorizer - INFO - Created standard tier index with 12 embeddings
2025-07-27 14:38:14,583 - EnhancedCBTVectorizer - INFO - Created basic tier index with 21 embeddings
2025-07-27 14:38:14,583 - EnhancedCBTVectorizer - INFO - Created category index for psychoeducation: 20 embeddings
2025-07-27 14:38:14,661 - EnhancedCBTVectorizer - INFO - Enhanced vectorization saved to cbt_data\embeddings
2025-07-27 14:38:14,662 - EnhancedCBTVectorizer - INFO - Total indices created: 4
2025-07-27 14:38:14,662 - EnhancedCBTVectorizer - INFO - Enhanced vectorization completed successfully
